
> dev_productivity_mvp@0.0.0 build
> vite build

[36mvite v8.0.10 [32mbuilding client environment for production...[36m[39m
[2Ktransforming...✓ 581 modules transformed.
rendering chunks...
computing gzip size...
dist/index.html                   0.47 kB │ gzip:   0.30 kB
dist/assets/index-B44uGzE2.css   15.85 kB │ gzip:   3.90 kB
dist/assets/index-CWa6syF0.js   551.68 kB │ gzip: 165.60 kB

[32m✓ built in 6.56s[39m
[33m[plugin builtin:vite-reporter] 
(!) Some chunks are larger than 500 kB after minification. Consider:
- Using dynamic import() to code-split the application
- Use build.rolldownOptions.output.codeSplitting to improve chunking: https://rolldown.rs/reference/OutputOptions.codeSplitting
- Adjust chunk size limit for this warning via build.chunkSizeWarningLimit.[39m
